python3 kafka/scripts/run_backend_message_burst_test.py --base-url http://127.0.0.1:8000 --users 250 --rooms 250 --messages-per-room 1 --persistence-samples 50 --persistence-wait-seconds 60 --prepare-concurrency 100 --burst-concurrency 250 --request-timeout 60
=== Backend Message Burst Test ===
base_url=http://127.0.0.1:8000
users=250 rooms=250 room_type=direct
messages_per_room=1
prepare_concurrency=100
burst_concurrency=250

=== Prepare Phase ===
register             count=  250 rps=    6.15 p50=15858.46ms p95=18342.64ms p99=22571.12ms max=23243.96ms errors=0
login                count=  250 rps=    6.38 p50=13212.37ms p95=21806.35ms p99=24751.23ms max=24944.35ms errors=0
create_room          count=  250 rps=   12.56 p50= 3973.15ms p95=14621.77ms p99=14661.75ms max=14738.45ms errors=0

=== Message Burst Phase ===
send_message_burst   count=  250 rps=   47.50 p50= 3629.41ms p95= 4520.69ms p99= 5077.91ms max= 5089.47ms errors=0
verify_persist       count=   50 rps=   20.92 p50=   47.79ms p95=   48.98ms p99=   57.65ms max=   57.65ms errors=0

=== Burst Result ===
send_message_requests_per_second=47.50
send_message_count=250
send_message_wall_seconds=5.26
persistence_failures=0
report=/home/ubuntu/chat-web/kafka/reports/backend-message-burst-report-20260611T044859Z.json
(.venv) ubuntu@webtest-5932743-iaas:~/chat-web$ python3 kafka/scripts/run_backend_message_burst_test.py --base-url http://127.0.0.1:8000 --users 400 --rooms 400 --messages-per-room 1 --persistence-samples 50 --persistence-wait-seconds 60 --prepare-concurrency 100 --burst-concurrency 400 --request-timeout 60
=== Backend Message Burst Test ===
base_url=http://127.0.0.1:8000
users=400 rooms=400 room_type=direct
messages_per_room=1
prepare_concurrency=100
burst_concurrency=400

=== Prepare Phase ===
register             count=  400 rps=    5.83 p50=15850.53ms p95=24575.76ms p99=25332.42ms max=25876.53ms errors=0
login                count=  400 rps=    6.30 p50=13626.25ms p95=22945.92ms p99=25812.99ms max=26086.75ms errors=0
create_room          count=  400 rps=   21.62 p50= 4470.59ms p95= 5010.39ms p99= 5261.89ms max= 5301.55ms errors=0

=== Message Burst Phase ===
send_message_burst   count=  400 rps=   45.61 p50= 5508.48ms p95= 8308.98ms p99= 8444.30ms max= 8511.34ms errors=0
verify_persist       count=   50 rps=   21.24 p50=   47.38ms p95=   51.11ms p99=   54.13ms max=   54.13ms errors=0

=== Burst Result ===
send_message_requests_per_second=45.61
send_message_count=400
send_message_wall_seconds=8.77
persistence_failures=0
report=/home/ubuntu/chat-web/kafka/reports/backend-message-burst-report-20260611T045642Z.json
(.venv) ubuntu@webtest-5932743-iaas:~/chat-web$ python3 kafka/scripts/run_backend_message_burst_test.py --base-url http://127.0.0.1:8000 --users 450 --rooms 450 --messages-per-room 1 --persistence-samples 50 --persistence-wait-seconds 60 --prepare-concurrency 100 --burst-concurrency 450 --request-timeout 60
=== Backend Message Burst Test ===
base_url=http://127.0.0.1:8000
users=450 rooms=450 room_type=direct
messages_per_room=1
prepare_concurrency=100
burst_concurrency=450

=== Prepare Phase ===
register             count=  450 rps=    5.49 p50=16807.09ms p95=23389.27ms p99=28658.03ms max=28993.53ms errors=0
login                count=  450 rps=    6.41 p50=13507.66ms p95=19627.84ms p99=24336.57ms max=24413.67ms errors=0
create_room          count=  450 rps=   19.96 p50= 4883.10ms p95= 5902.84ms p99= 6024.67ms max= 6502.78ms errors=0

=== Message Burst Phase ===
send_message_burst   count=  450 rps=   28.40 p50= 7435.54ms p95=15265.77ms p99=15484.69ms max=15531.27ms errors=0
verify_persist       count=   50 rps=   21.09 p50=   47.90ms p95=   49.95ms p99=   59.93ms max=   59.93ms errors=0

=== Burst Result ===
send_message_requests_per_second=28.40
send_message_count=450
send_message_wall_seconds=15.84
persistence_failures=0
report=/home/ubuntu/chat-web/kafka/reports/backend-message-burst-report-20260611T050211Z.json